
Something is already running at port 8000

[?25l[2K[1G[36m?[39m [1mWould you like to run the app at another port instead?[22m [90m»[39m [90m(Y/n)[39m[2K[1G[2K[1G[32m√[39m [1mWould you like to run the app at another port instead?[22m [90m...[39m yes
[?25hTerminate batch job (Y/N)? 
Terminate batch job (Y/N)? 
